// Jest Snapshot v1, https://goo.gl/fbAQLP

exports[`NewProjectForm Component matches snapshot 1`] = `[Function]`;
