// Jest Snapshot v1, https://goo.gl/fbAQLP

exports[`Bid Component matches snapshot 1`] = `[Function]`;
