// Jest Snapshot v1, https://goo.gl/fbAQLP

exports[`UserDetailsForm Component matches snapshot 1`] = `[Function]`;
