// Jest Snapshot v1, https://goo.gl/fbAQLP

exports[`TableHeadings Component matches snapshot 1`] = `[Function]`;
