// Jest Snapshot v1, https://goo.gl/fbAQLP

exports[`DisplayTable Component matches snapshot 1`] = `[Function]`;
