// Jest Snapshot v1, https://goo.gl/fbAQLP

exports[`AdvancedDialog Component matches snapshot 1`] = `[Function]`;
