// Jest Snapshot v1, https://goo.gl/fbAQLP

exports[`UserProjectButtons Component matches snapshot 1`] = `[Function]`;
