// Jest Snapshot v1, https://goo.gl/fbAQLP

exports[`BidTable Component matches snapshot 1`] = `[Function]`;
