// Jest Snapshot v1, https://goo.gl/fbAQLP

exports[`FormAddressItems Component matches snapshot 1`] = `[Function]`;
