// Jest Snapshot v1, https://goo.gl/fbAQLP

exports[`BidTableContents Component matches snapshot 1`] = `[Function]`;
