// Jest Snapshot v1, https://goo.gl/fbAQLP

exports[`ReviewIssueButton Component matches snapshot 1`] = `[Function]`;
