// Jest Snapshot v1, https://goo.gl/fbAQLP

exports[`ShortRow Component matches snapshot 1`] = `[Function]`;
