// Jest Snapshot v1, https://goo.gl/fbAQLP

exports[`ReviewProjectIcon Component matches snapshot 1`] = `[Function]`;
