// Jest Snapshot v1, https://goo.gl/fbAQLP

exports[`AdvancedProjectDetails Component matches snapshot 1`] = `[Function]`;
