// Jest Snapshot v1, https://goo.gl/fbAQLP

exports[`LoginForm Component matches snapshot 1`] = `[Function]`;
