// Jest Snapshot v1, https://goo.gl/fbAQLP

exports[`NewProjectButton Component matches snapshot 1`] = `[Function]`;
