// Jest Snapshot v1, https://goo.gl/fbAQLP

exports[`CustomListItem Component matches snapshot 1`] = `[Function]`;
