// Jest Snapshot v1, https://goo.gl/fbAQLP

exports[`BasicProjectForm Component matches snapshot 1`] = `[Function]`;
