// Jest Snapshot v1, https://goo.gl/fbAQLP

exports[`NewProject Component matches snapshot 1`] = `[Function]`;
