// Jest Snapshot v1, https://goo.gl/fbAQLP

exports[`Loading Component matches snapshot 1`] = `[Function]`;
