// Jest Snapshot v1, https://goo.gl/fbAQLP

exports[`UserProfile Component matches snapshot 1`] = `[Function]`;
